chromium
wire
signal-desktop
yakyak
slack --classic
spotify
vlc

# for lolcommits
ruby --classic
